// Jest Snapshot v1, https://goo.gl/fbAQLP

exports[`Drawer 1`] = `<div />`;
